{
  "locale": "en_US",
  "pretty_json": true,
  "logging": "debug",
  "cache": {
    "meta": {
      "ttl": 20
    },
    "transaction": {
      "ttl": 20
    }
  },
  "grpc": {
    "timeout": 20
  },
  "plugin": {
    "discovery": {
      "kubernetes": {
        "endpoints": {
          "labels": {}
        }
      }
    },
    "tcp": [
      "emulator-plugin:5001"
    ],
    "unix": []
  }
}