timestamp: "2018-06-28T12:59:47.625842798Z"
uid: device-1
kind: pressure
metadata:
  model: emul8-pressure
plugin: emulator-plugin
info: Synse Pressure Sensor 1
location:
  board: board-1
  rack: rack-1
output:
- name: pressure
  type: pressure
  precision: 3
  scaling_factor: 1.5
  unit:
    name: pascals
    symbol: Pa
