{
  "timestamp": "2018-02-08 15:58:51.063845404 +0000 UTC m=+3105.953837345",
  "uid": "device-1",
  "kind": "pressure",
  "metadata": {
    "model": "emul8-pressure"
  },
  "plugin": "emulator-plugin",
  "info": "Synse Pressure Sensor 1",
  "location": {
    "board": "board-1",
    "rack": "rack-1"
  },
  "output": [
    {
      "name": "pressure",
      "type": "pressure",
      "precision": 3,
      "scaling_factor": 1.5,
      "unit": {
        "name": "pascals",
        "symbol": "Pa"
      }
    }
  ]
}