[
  {
    "tag": "vaporio/emulator-plugin",
    "protocol": "tcp",
    "address": "emulator-plugin:5001",
    "version": "2.0.0",
    "status": "ok"
  },
  {
    "tag": "vaporio/unix-plugin",
    "protocol": "unix",
    "address": "/tmp/synse/proc/bar.sock",
    "version": "2.0.0",
    "status": "ok"
  }
]