[
  {
    "tag": "vaporio/emulator-plugin",
    "health": {
      "status": "ok",
      "message": "",
      "timestamp": "2018-06-27T18:30:46.237254715Z",
      "checks": [
        {
          "name": "read buffer health",
          "status": "ok",
          "message": "",
          "timestamp": "2018-06-27T18:30:16.531781924Z",
          "type": "periodic"
        },
        {
          "name": "write buffer health",
          "status": "ok",
          "message": "",
          "timestamp": "2018-06-27T18:30:16.531781924Z",
          "type": "periodic"
        }
      ]
    }
  },
  {
    "tag": "vaporio/unix-plugin",
    "health": {
      "status": "ok",
      "message": "",
      "timestamp": "2018-06-27T18:30:46.237254715Z",
      "checks": [
        {
          "name": "read buffer health",
          "status": "ok",
          "message": "",
          "timestamp": "2018-06-27T18:30:16.531781924Z",
          "type": "periodic"
        },
        {
          "name": "write buffer health",
          "status": "ok",
          "message": "",
          "timestamp": "2018-06-27T18:30:16.531781924Z",
          "type": "periodic"
        }
      ]
    }
  }
]