- info: mock fan.speed response
  type: speed
  value: "0"
  unit: RPM
  timestamp: Thu Jun 28 12:41:50 UTC 2018
- info: mock led.state response
  type: state
  value: "off"
  unit: ""
  timestamp: Thu Jun 28 12:41:50 UTC 2018
- info: mock led.color response
  type: color
  value: "000000"
  unit: ""
  timestamp: Thu Jun 28 12:41:50 UTC 2018
- info: mock led.state response
  type: state
  value: "off"
  unit: ""
  timestamp: Thu Jun 28 12:41:50 UTC 2018
- info: mock led.color response
  type: color
  value: "000000"
  unit: ""
  timestamp: Thu Jun 28 12:41:50 UTC 2018
