- rack: rack-1
  board: board-1
  device: device-1
  info: Synse Temperature Sensor
  type: temperature
- rack: rack-1
  board: board-1
  device: device-2
  info: Synse Fan
  type: fan
- rack: rack-1
  board: board-1
  device: device-3
  info: Synse LED
  type: led
- rack: rack-1
  board: board-1
  device: device-4
  info: Synse LED
  type: led
- rack: rack-1
  board: board-1
  device: device-5
  info: Synse Temperature Sensor
  type: temperature
- rack: rack-1
  board: board-1
  device: device-6
  info: Synse Temperature Sensor
  type: temperature
- rack: rack-1
  board: board-1
  device: device-7
  info: Synse Temperature Sensor
  type: temperature
- rack: rack-1
  board: board-1
  device: device-8
  info: Synse Temperature Sensor
  type: temperature
