locale: ""
logging: debug
plugin:
  tcp:
  - localhost:5001
  unix: []
  discover:
    kubernetes:
      namespace: ""
      endpoints:
        labels: {}
cache:
  device:
    ttl: 0
  transaction:
    ttl: 0
grpc:
  timeout: 0
  tls:
    cert: ""
transport:
  http: false
  websocket: false
metrics:
  enabled: false
pretty_json: true
