- device: 111-222-333
  device_type: faked
  type: fake
  value: 7
  timestamp: "2019-04-22T13:30:00Z"
  unit:
    name: fake unit
    symbol: fu
  context:
    some: value
- device: 444-555-666
  device_type: faked
  type: fake
  value: 10
  timestamp: "2019-04-22T13:30:00Z"
  unit:
    name: fake unit
    symbol: fu
  context:
    some: value
