- id: 111-222-333
  alias: fake-device
  info: a fake device
  type: faked
  plugin: 123-456-789
  tags:
  - system/id:111-222-333
  - system/type:faked
  - vapor/fake
  metadata: {}
- id: 444-555-666
  alias: fake-device2
  info: a fake device
  type: faked
  plugin: 123-456-789
  tags:
  - system/id:444-555-666
  - system/type:faked
  - vapor/fake
  metadata: {}
